<html>
<body>
<pre>
<h1>µVision Build Log</h1>
<h2>Project:</h2>
C:\Users\Kesha\OneDrive\Documents\PROJ1.uvproj
Project File Date:  04/19/2024

<h2>Output:</h2>
Build target 'Target 1'
assembling fibo.s...
fibo.s(25): warning: A1313W: Missing END directive at end of file
linking...
Program Size: Code=80 RO-data=0 RW-data=0 ZI-data=0  
".\PROJ1.axf" - 0 Error(s), 1 Warning(s).
</pre>
</body>
</html>

J1.axf" - 2 Error(s), 1 Warning(s).
Target not created
error: A1108E: Multiply defined symbol 'L'
fibo.s(40): error: A1163E: Unknown opcode EXIT , expecting opcode or Macro
fibo.s(41): warning: A1313W: Missing END directive at end of file
".\PROJ1.axf" - 3 Error(s), 4 Warning(s).
Target not created
